case__325: depth_calc__xdcDup__1__GB5, 
case__48: depth_calc__xdcDup__1__GB6, 
case__285: depth_calc__xdcDup__1__GB14, 
case__548: depth_calc__GB14, 
case__757: depth_calc__GB9, 
case__70: depth_calc__xdcDup__1__GB5, 
case__155: depth_calc__xdcDup__1__GB13, 
case__4: depth_calc__xdcDup__1__GB10, 
case__597: depth_calc__GB3, 
case__414: depth_calc__GB13, 
case__100: depth_calc__xdcDup__1__GB0, 
case__731: depth_calc__GB5, 
case__766: depth_calc__GB8, 
case__20: depth_calc__xdcDup__1__GB12, 
case__624: depth_calc__GB0, 
case__532: depth_calc__GB12, 
logic__9: peak_removal__GB2, 
case__735: depth_calc__GB4, 
case__151: depth_calc__xdcDup__1__GB13, 
case__521: depth_calc__GB10, 
case__161: depth_calc__xdcDup__1__GB14, 
case__191: depth_calc__xdcDup__1__GB7, 
muxpart__2: depth_calc__xdcDup__1__GB10, 
case__376: depth_calc__xdcDup__1__GB8, 
case__641: depth_calc__GB8, 
case__723: depth_calc__GB4, 
case__399: depth_calc__GB10, 
case__588: depth_calc__GB5, 
case__52: depth_calc__xdcDup__1__GB6, 
case__487: depth_calc__GB0, 
case__435: depth_calc__GB6, 
case__182: depth_calc__xdcDup__1__GB7, 
case__724: depth_calc__GB4, 
case__37: depth_calc__xdcDup__1__GB15, 
case__353: depth_calc__xdcDup__1__GB1, 
datapath__12: depth_calc__xdcDup__1__GB10, 
case__479: depth_calc__GB4, 
case__740: depth_calc__GB1, 
case__492: depth_calc__GB0, 
case__296: depth_calc__xdcDup__1__GB15, 
case__547: depth_calc__GB14, 
case__449: depth_calc__GB7, 
case__87: depth_calc__xdcDup__1__GB3, 
case__462: depth_calc__GB5, 
case__300: depth_calc__xdcDup__1__GB15, 
case__157: depth_calc__xdcDup__1__GB14, 
case__430: depth_calc__GB15, 
case__636: depth_calc__GB8, 
case__221: depth_calc__xdcDup__1__GB4, 
depth_calc__xdcDup__1__GB11: depth_calc__xdcDup__1__GB11, 
logic__51: depth_calc__GB10, 
case__654: depth_calc__GB10, 
case__327: depth_calc__xdcDup__1__GB5, 
case__361: depth_calc__xdcDup__1__GB0, 
case__536: depth_calc__GB12, 
case__396: depth_calc__GB10, 
case__693: depth_calc__GB6, 
case__1: full_compare__xdcDup__1__GB7, full_compare__GB7, full_compare__GB8, full_compare__GB2, full_compare__xdcDup__1__GB1, full_compare__xdcDup__1__GB2, full_compare__GB6, full_compare__xdcDup__1__GB3, full_compare__GB0, full_compare__GB1, full_compare__GB4, full_compare__xdcDup__1__GB0, full_compare__xdcDup__1__GB5, full_compare__GB3, full_compare__xdcDup__1__GB6, full_compare__xdcDup__1__GB4, full_compare__GB5, 
case__496: depth_calc__GB0, 
case__508: depth_calc__GB8, 
case__126: depth_calc__xdcDup__1__GB8, 
case: full_compare__xdcDup__1__GB7, full_compare__GB7, full_compare__GB8, full_compare__GB2, full_compare__xdcDup__1__GB1, full_compare__xdcDup__1__GB2, full_compare__GB6, full_compare__xdcDup__1__GB3, full_compare__GB0, full_compare__GB1, full_compare__GB4, full_compare__xdcDup__1__GB0, full_compare__xdcDup__1__GB5, full_compare__GB3, full_compare__xdcDup__1__GB6, full_compare__xdcDup__1__GB4, full_compare__GB5, 
case__679: depth_calc__GB15, 
case__63: depth_calc__xdcDup__1__GB7, 
case__84: depth_calc__xdcDup__1__GB3, 
case__678: depth_calc__GB15, 
case__192: depth_calc__xdcDup__1__GB7, 
case__62: depth_calc__xdcDup__1__GB7, 
case__680: depth_calc__GB15, 
case__773: depth_calc__GB8, 
case__513: depth_calc__GB8, 
case__168: depth_calc__xdcDup__1__GB15, 
depth_calc__GB4: depth_calc__GB4, 
case__266: depth_calc__xdcDup__1__GB10, 
datapath__16: depth_calc__GB10, 
case__229: depth_calc__xdcDup__1__GB0, 
case__196: depth_calc__xdcDup__1__GB6, 
case__557: depth_calc__GB15, 
dsp48e1__1: peak_removal__GB2, 
full_compare__GB3: full_compare__GB3, 
case__413: depth_calc__GB13, 
datapath__18: depth_calc__GB10, 
case__171: depth_calc__xdcDup__1__GB15, 
case__662: depth_calc__GB12, 
case__259: depth_calc__xdcDup__1__GB8, 
case__25: depth_calc__xdcDup__1__GB13, 
case__360: depth_calc__xdcDup__1__GB0, 
case__3: depth_calc__xdcDup__1__GB10, 
case__663: depth_calc__GB12, 
case__24: depth_calc__xdcDup__1__GB13, 
case__510: depth_calc__GB8, 
datapath__4: peak_removal__GB2, 
case__40: depth_calc__xdcDup__1__GB15, 
case__458: depth_calc__GB5, 
case__387: depth_calc__xdcDup__1__GB8, 
case__22: depth_calc__xdcDup__1__GB12, 
case__379: depth_calc__xdcDup__1__GB8, 
case__240: depth_calc__xdcDup__1__GB0, 
case__665: depth_calc__GB13, 
case__502: depth_calc__GB9, 
case__754: depth_calc__GB0, 
case__366: depth_calc__xdcDup__1__GB0, 
case__46: depth_calc__xdcDup__1__GB6, 
case__334: depth_calc__xdcDup__1__GB4, 
case__146: depth_calc__xdcDup__1__GB12, 
case__67: depth_calc__xdcDup__1__GB6, 
case__190: depth_calc__xdcDup__1__GB7, 
case__440: depth_calc__GB7, 
case__270: depth_calc__xdcDup__1__GB11, 
case__79: depth_calc__xdcDup__1__GB4, 
case__312: depth_calc__xdcDup__1__GB7, 
case__286: depth_calc__xdcDup__1__GB14, 
case__495: depth_calc__GB0, 
case__88: depth_calc__xdcDup__1__GB2, 
case__715: depth_calc__GB5, 
case__666: depth_calc__GB13, 
case__637: depth_calc__GB8, 
case__598: depth_calc__GB3, 
case__17: depth_calc__xdcDup__1__GB11, 
case__329: depth_calc__xdcDup__1__GB5, 
dsp48e1__5: depth_calc__xdcDup__1__GB10, 
case__707: depth_calc__GB7, 
case__116: depth_calc__xdcDup__1__GB9, 
case__529: depth_calc__GB11, 
case__642: depth_calc__GB8, 
case__117: depth_calc__xdcDup__1__GB8, 
case__652: depth_calc__GB10, 
case__747: depth_calc__GB0, 
case__163: depth_calc__xdcDup__1__GB14, 
case__292: depth_calc__xdcDup__1__GB15, 
case__134: depth_calc__xdcDup__1__GB10, 
logic__68: depth_calc__GB10, 
case__477: depth_calc__GB2, 
case__43: depth_calc__xdcDup__1__GB15, 
logic__22: depth_calc__xdcDup__1__GB10, 
muxpart__9: depth_calc__GB7, 
case__712: depth_calc__GB5, 
case__559: depth_calc__GB6, 
depth_calc__xdcDup__1__GB12: depth_calc__xdcDup__1__GB12, 
case__668: depth_calc__GB13, 
case__505: depth_calc__GB9, 
case__543: depth_calc__GB14, 
case__481: depth_calc__GB2, 
case__527: depth_calc__GB10, 
case__14: depth_calc__xdcDup__1__GB11, 
case__394: depth_calc__GB10, 
case__452: depth_calc__GB6, 
case__246: depth_calc__xdcDup__1__GB8, 
case__371: depth_calc__xdcDup__1__GB9, 
case__272: depth_calc__xdcDup__1__GB11, 
muxpart__7: depth_calc__GB10, 
case__407: depth_calc__GB12, 
case__60: depth_calc__xdcDup__1__GB7, 
logic__8: full_compare__xdcDup__1__GB7, 
case__418: depth_calc__GB14, 
case__759: depth_calc__GB8, 
case__720: depth_calc__GB4, 
case__594: depth_calc__GB4, 
case__474: depth_calc__GB2, 
case__577: depth_calc__GB7, 
case__53: depth_calc__xdcDup__1__GB7, 
case__737: depth_calc__GB2, 
case__236: depth_calc__xdcDup__1__GB0, 
case__512: depth_calc__GB8, 
case__448: depth_calc__GB7, 
case__697: depth_calc__GB7, 
case__551: depth_calc__GB15, 
case__95: depth_calc__xdcDup__1__GB2, 
case__727: depth_calc__GB3, 
case__667: depth_calc__GB13, 
full_compare__xdcDup__1__GB7: full_compare__xdcDup__1__GB7, 
case__491: depth_calc__GB0, 
case__635: depth_calc__GB8, 
case__755: depth_calc__GB7, 
case__203: depth_calc__xdcDup__1__GB5, 
case__391: depth_calc__GB10, 
case__657: depth_calc__GB11, 
case__77: depth_calc__xdcDup__1__GB4, 
case__406: depth_calc__GB12, 
case__702: depth_calc__GB7, 
case__69: depth_calc__xdcDup__1__GB5, 
case__81: depth_calc__xdcDup__1__GB4, 
case__629: depth_calc__GB9, 
case__451: depth_calc__GB7, 
case__7: depth_calc__xdcDup__1__GB10, 
case__355: depth_calc__xdcDup__1__GB3, 
dsp48e1__4: depth_calc__xdcDup__1__GB10, 
dsp48e1__10: depth_calc__xdcDup__1__GB10, 
dsp48e1__13: depth_calc__GB10, 
case__767: depth_calc__GB8, 
case__718: depth_calc__GB5, 
case__50: depth_calc__xdcDup__1__GB6, 
logic__55: depth_calc__GB10, 
case__159: depth_calc__xdcDup__1__GB14, 
case__500: depth_calc__GB9, 
case__347: depth_calc__xdcDup__1__GB2, 
full_compare__xdcDup__1__GB6: full_compare__xdcDup__1__GB6, 
case__94: depth_calc__xdcDup__1__GB1, 
case__520: depth_calc__GB10, 
case__592: depth_calc__GB4, 
case__167: depth_calc__xdcDup__1__GB15, 
case__237: depth_calc__xdcDup__1__GB0, 
case__27: depth_calc__xdcDup__1__GB13, 
case__698: depth_calc__GB7, 
case__457: depth_calc__GB5, 
case__158: depth_calc__xdcDup__1__GB14, 
cordic_0: full_compare__GB8, full_compare__xdcDup__1__GB7, 
case__28: depth_calc__xdcDup__1__GB13, 
case__380: depth_calc__xdcDup__1__GB8, 
case__566: depth_calc__GB6, 
case__604: depth_calc__GB2, 
case__393: depth_calc__GB10, 
case__689: depth_calc__GB6, 
case__228: depth_calc__xdcDup__1__GB0, 
dsp48e1__17: depth_calc__GB10, 
case__339: depth_calc__xdcDup__1__GB3, 
case__54: depth_calc__xdcDup__1__GB7, 
case__322: depth_calc__xdcDup__1__GB6, 
case__41: depth_calc__xdcDup__1__GB15, 
case__195: depth_calc__xdcDup__1__GB6, 
datapath__17: depth_calc__GB10, 
case__647: depth_calc__GB10, 
case__57: depth_calc__xdcDup__1__GB7, 
case__681: depth_calc__GB15, 
case__506: depth_calc__GB8, 
case__580: depth_calc__GB6, 
case__763: depth_calc__GB8, 
case__483: depth_calc__GB1, 
case__59: depth_calc__xdcDup__1__GB7, 
case__682: depth_calc__GB15, 
case__217: depth_calc__xdcDup__1__GB5, 
case__765: depth_calc__GB8, 
case__756: depth_calc__GB9, 
case__29: depth_calc__xdcDup__1__GB14, 
case__144: depth_calc__xdcDup__1__GB11, 
depth_calc__GB3: depth_calc__GB3, 
case__359: depth_calc__xdcDup__1__GB0, 
case__175: depth_calc__xdcDup__1__GB6, 
dsp48e1__18: depth_calc__GB10, 
case__238: depth_calc__xdcDup__1__GB0, 
case__364: depth_calc__xdcDup__1__GB0, 
case__734: depth_calc__GB2, 
case__669: depth_calc__GB13, 
case__518: depth_calc__GB10, 
case__174: depth_calc__xdcDup__1__GB6, 
reg__6: depth_calc__GB10, 
case__105: depth_calc__xdcDup__1__GB0, 
case__363: depth_calc__xdcDup__1__GB0, 
case__700: depth_calc__GB7, 
case__277: depth_calc__xdcDup__1__GB12, 
case__645: depth_calc__GB8, 
case__107: depth_calc__xdcDup__1__GB0, 
case__424: depth_calc__GB15, 
datapath__22: depth_calc__GB10, 
case__131: depth_calc__xdcDup__1__GB8, 
logic__45: depth_calc__xdcDup__1__GB10, 
case__333: depth_calc__xdcDup__1__GB4, 
case__78: depth_calc__xdcDup__1__GB4, 
case__370: depth_calc__xdcDup__1__GB9, 
case__564: depth_calc__GB6, 
case__395: depth_calc__GB10, 
dsp48e1__9: depth_calc__xdcDup__1__GB10, 
case__218: depth_calc__xdcDup__1__GB2, 
case__417: depth_calc__GB14, 
case__704: depth_calc__GB7, 
case__570: depth_calc__GB7, 
case__606: depth_calc__GB2, 
case__538: depth_calc__GB13, 
case__732: depth_calc__GB2, 
case__648: depth_calc__GB10, 
case__463: depth_calc__GB4, 
case__385: depth_calc__xdcDup__1__GB8, 
depth_calc__xdcDup__1__GB10: depth_calc__xdcDup__1__GB10, 
full_compare__xdcDup__1__GB4: full_compare__xdcDup__1__GB4, 
case__423: depth_calc__GB15, 
depth_calc__GB8: depth_calc__GB8, 
case__722: depth_calc__GB4, 
case__262: depth_calc__xdcDup__1__GB10, 
case__250: depth_calc__xdcDup__1__GB8, 
case__19: depth_calc__xdcDup__1__GB12, 
case__567: depth_calc__GB7, 
case__351: depth_calc__xdcDup__1__GB2, 
case__587: depth_calc__GB5, 
case__226: depth_calc__xdcDup__1__GB1, 
dsp48e1__8: depth_calc__xdcDup__1__GB10, 
depth_calc__xdcDup__1__GB8: depth_calc__xdcDup__1__GB8, 
case__120: depth_calc__xdcDup__1__GB8, 
case__66: depth_calc__xdcDup__1__GB6, 
logic__64: depth_calc__GB10, 
depth_calc__GB11: depth_calc__GB11, 
case__554: depth_calc__GB15, 
case__124: depth_calc__xdcDup__1__GB8, 
case__282: depth_calc__xdcDup__1__GB13, 
case__341: depth_calc__xdcDup__1__GB3, 
case__185: depth_calc__xdcDup__1__GB7, 
case__230: depth_calc__xdcDup__1__GB0, 
case__581: depth_calc__GB6, 
case__461: depth_calc__GB5, 
case__599: depth_calc__GB3, 
case__471: depth_calc__GB3, 
case__675: depth_calc__GB14, 
case__517: depth_calc__GB8, 
muxpart__3: depth_calc__xdcDup__1__GB7, 
case__223: depth_calc__xdcDup__1__GB2, 
case__165: depth_calc__xdcDup__1__GB15, 
logic__58: depth_calc__GB10, 
case__34: depth_calc__xdcDup__1__GB14, 
case__147: depth_calc__xdcDup__1__GB12, 
case__553: depth_calc__GB15, 
case__10: depth_calc__xdcDup__1__GB10, 
case__264: depth_calc__xdcDup__1__GB10, 
case__129: depth_calc__xdcDup__1__GB8, 
case__696: depth_calc__GB7, 
case__278: depth_calc__xdcDup__1__GB12, 
case__149: depth_calc__xdcDup__1__GB12, 
case__772: depth_calc__GB8, 
case__503: depth_calc__GB8, 
case__293: depth_calc__xdcDup__1__GB15, 
case__97: depth_calc__xdcDup__1__GB1, 
datapath__6_peak_removal__GD: datapath__6_peak_removal__GD, 
case__331: depth_calc__xdcDup__1__GB5, 
case__75: depth_calc__xdcDup__1__GB5, 
full_compare__xdcDup__1__GB0: full_compare__xdcDup__1__GB0, 
case__403: depth_calc__GB11, 
case__294: depth_calc__xdcDup__1__GB15, 
case__13: depth_calc__xdcDup__1__GB10, 
case__268: depth_calc__xdcDup__1__GB10, 
case__504: depth_calc__GB8, 
case__656: depth_calc__GB11, 
case__313: depth_calc__xdcDup__1__GB7, 
case__632: depth_calc__GB8, 
depth_calc__xdcDup__1__GB14: depth_calc__xdcDup__1__GB14, 
logic__27: depth_calc__xdcDup__1__GB10, 
case__287: depth_calc__xdcDup__1__GB14, 
case__558: depth_calc__GB15, 
depth_calc__xdcDup__1__GB7: depth_calc__xdcDup__1__GB7, 
case__542: depth_calc__GB13, 
case__183: depth_calc__xdcDup__1__GB7, 
case__73: depth_calc__xdcDup__1__GB5, 
case__211: depth_calc__xdcDup__1__GB3, 
logic__10: logic__10_peak_removal__GD, 
case__307: depth_calc__xdcDup__1__GB6, 
case__752: depth_calc__GB0, 
case__670: depth_calc__GB13, 
case__437: depth_calc__GB6, 
full_compare__GB7: full_compare__GB7, 
case__309: depth_calc__xdcDup__1__GB7, 
case__480: depth_calc__GB1, 
case__320: depth_calc__xdcDup__1__GB7, 
case__201: depth_calc__xdcDup__1__GB5, 
case__686: depth_calc__GB15, 
case__138: depth_calc__xdcDup__1__GB10, 
case__573: depth_calc__GB7, 
case__742: depth_calc__GB0, 
case__676: depth_calc__GB14, 
case__410: depth_calc__GB13, 
case__514: depth_calc__GB8, 
case__728: depth_calc__GB3, 
case__207: depth_calc__xdcDup__1__GB4, 
case__30: depth_calc__xdcDup__1__GB14, 
case__408: depth_calc__GB12, 
case__248: depth_calc__xdcDup__1__GB8, 
case__388: depth_calc__xdcDup__1__GB10, 
case__572: depth_calc__GB7, 
case__733: depth_calc__GB2, 
case__271: depth_calc__xdcDup__1__GB11, 
case__472: depth_calc__GB3, 
case__234: depth_calc__xdcDup__1__GB0, 
case__5: depth_calc__xdcDup__1__GB10, 
case__638: depth_calc__GB8, 
case__209: depth_calc__xdcDup__1__GB4, 
case__769: depth_calc__GB8, 
case__74: depth_calc__xdcDup__1__GB5, 
case__397: depth_calc__GB10, 
case__649: depth_calc__GB10, 
case__658: depth_calc__GB11, 
muxpart: depth_calc__xdcDup__1__GB7, 
case__103: depth_calc__xdcDup__1__GB0, 
case__605: depth_calc__GB2, 
case__622: depth_calc__GB0, 
case__290: depth_calc__xdcDup__1__GB14, 
case__422: depth_calc__GB15, 
case__750: depth_calc__GB0, 
case__420: depth_calc__GB14, 
case__212: depth_calc__xdcDup__1__GB3, 
full_compare__xdcDup__1__GB3: full_compare__xdcDup__1__GB3, 
case__589: depth_calc__GB5, 
case__295: depth_calc__xdcDup__1__GB15, 
case__774: depth_calc__GB10, 
case__401: depth_calc__GB11, 
datapath__1: full_compare__xdcDup__1__GB7, full_compare__GB7, full_compare__GB8, full_compare__GB2, full_compare__xdcDup__1__GB1, full_compare__xdcDup__1__GB2, full_compare__GB6, full_compare__xdcDup__1__GB3, full_compare__GB0, full_compare__GB1, full_compare__GB4, full_compare__xdcDup__1__GB0, full_compare__xdcDup__1__GB5, full_compare__GB3, full_compare__xdcDup__1__GB6, full_compare__xdcDup__1__GB4, full_compare__GB5, 
case__256: depth_calc__xdcDup__1__GB8, 
case__178: depth_calc__xdcDup__1__GB6, 
full_compare__xdcDup__1__GB1: full_compare__xdcDup__1__GB1, 
datapath__7: full_compare__GB8, 
case__298: depth_calc__xdcDup__1__GB15, 
case__232: depth_calc__xdcDup__1__GB0, 
full_compare__GB4: full_compare__GB4, 
case__299: depth_calc__xdcDup__1__GB15, 
ambient_calc: ambient_calc, 
datapath__15: depth_calc__xdcDup__1__GB10, 
case__260: depth_calc__xdcDup__1__GB10, 
case__58: depth_calc__xdcDup__1__GB7, 
case__579: depth_calc__GB7, 
case__102: depth_calc__xdcDup__1__GB0, 
case__695: depth_calc__GB7, 
case__189: depth_calc__xdcDup__1__GB7, 
case__51: depth_calc__xdcDup__1__GB6, 
case__390: depth_calc__GB10, 
case__432: depth_calc__GB6, 
case__328: depth_calc__xdcDup__1__GB5, 
case__26: depth_calc__xdcDup__1__GB13, 
case__33: depth_calc__xdcDup__1__GB14, 
case__600: depth_calc__GB3, 
case__419: depth_calc__GB14, 
case__628: depth_calc__GB9, 
case__301: depth_calc__xdcDup__1__GB6, 
case__519: depth_calc__GB10, 
case__749: depth_calc__GB0, 
case__412: depth_calc__GB13, 
case__170: depth_calc__xdcDup__1__GB15, 
full_compare__GB5: full_compare__GB5, 
case__318: depth_calc__xdcDup__1__GB7, 
case__64: depth_calc__xdcDup__1__GB7, 
full_compare__GB1: full_compare__GB1, 
dsp48e1__16: depth_calc__GB10, 
case__21: depth_calc__xdcDup__1__GB12, 
datapath__20: depth_calc__GB10, 
case__152: depth_calc__xdcDup__1__GB13, 
case__711: depth_calc__GB5, 
case__133: depth_calc__xdcDup__1__GB10, 
case__111: depth_calc__xdcDup__1__GB0, 
case__354: depth_calc__xdcDup__1__GB1, 
logic__21: full_compare__GB8, 
case__252: depth_calc__xdcDup__1__GB8, 
case__411: depth_calc__GB13, 
case__699: depth_calc__GB7, 
case__342: depth_calc__xdcDup__1__GB3, 
case__23: depth_calc__xdcDup__1__GB13, 
case__489: depth_calc__GB0, 
case__352: depth_calc__xdcDup__1__GB1, 
case__255: depth_calc__xdcDup__1__GB8, 
case__382: depth_calc__xdcDup__1__GB8, 
case__340: depth_calc__xdcDup__1__GB3, 
case__459: depth_calc__GB5, 
datapath__3: full_compare__xdcDup__1__GB0, 
case__653: depth_calc__GB10, 
case__233: depth_calc__xdcDup__1__GB0, 
case__343: depth_calc__xdcDup__1__GB3, 
case__442: depth_calc__GB7, 
case__143: depth_calc__xdcDup__1__GB11, 
depth_calc__xdcDup__1__GB3: depth_calc__xdcDup__1__GB3, 
case__426: depth_calc__GB15, 
case__650: depth_calc__GB10, 
case__535: depth_calc__GB12, 
case__179: depth_calc__xdcDup__1__GB6, 
case__705: depth_calc__GB7, 
case__235: depth_calc__xdcDup__1__GB0, 
case__398: depth_calc__GB10, 
case__225: depth_calc__xdcDup__1__GB1, 
case__289: depth_calc__xdcDup__1__GB14, 
case__132: depth_calc__xdcDup__1__GB10, 
depth_calc__GB10: depth_calc__GB10, 
case__349: depth_calc__xdcDup__1__GB4, 
case__467: depth_calc__GB4, 
full_compare__GB0: full_compare__GB0, 
case__213: depth_calc__xdcDup__1__GB3, 
case__31: depth_calc__xdcDup__1__GB14, 
case__701: depth_calc__GB7, 
case__305: depth_calc__xdcDup__1__GB6, 
datapath__19: depth_calc__GB10, 
case__688: depth_calc__GB6, 
case__402: depth_calc__GB11, 
case__627: depth_calc__GB7, 
logic__26: depth_calc__xdcDup__1__GB10, 
dsp48e1__14: depth_calc__GB10, 
depth_calc__GB6: depth_calc__GB6, 
case__326: depth_calc__xdcDup__1__GB5, 
case__631: depth_calc__GB8, 
case__616: depth_calc__GB0, 
case__729: depth_calc__GB3, 
datapath__21: depth_calc__GB10, 
case__746: depth_calc__GB0, 
case__571: depth_calc__GB7, 
case__708: depth_calc__GB6, 
case__498: depth_calc__GB0, 
case__222: depth_calc__xdcDup__1__GB1, 
case__607: depth_calc__GB4, 
case__83: depth_calc__xdcDup__1__GB3, 
case__198: depth_calc__xdcDup__1__GB5, 
case__350: depth_calc__xdcDup__1__GB1, 
case__172: depth_calc__xdcDup__1__GB15, 
case__415: depth_calc__GB14, 
case__751: depth_calc__GB0, 
logic__18: full_compare__GB8, 
case__181: depth_calc__xdcDup__1__GB7, 
case__659: depth_calc__GB11, 
case__38: depth_calc__xdcDup__1__GB15, 
depth_calc__GB12: depth_calc__GB12, 
case__578: depth_calc__GB7, 
case__56: depth_calc__xdcDup__1__GB7, 
logic__37: depth_calc__xdcDup__1__GB10, 
logic__61: depth_calc__GB10, 
case__515: depth_calc__GB8, 
case__136: depth_calc__xdcDup__1__GB10, 
case__469: depth_calc__GB3, 
case__609: depth_calc__GB2, 
case__123: depth_calc__xdcDup__1__GB8, 
case__703: depth_calc__GB7, 
case__92: depth_calc__xdcDup__1__GB2, 
muxpart__6: depth_calc__GB10, 
depth_calc__GB7: depth_calc__GB7, 
case__584: depth_calc__GB5, 
case__603: depth_calc__GB5, 
case__386: depth_calc__xdcDup__1__GB8, 
case__601: depth_calc__GB3, 
case__745: depth_calc__GB0, 
case__706: depth_calc__GB7, 
case__71: depth_calc__xdcDup__1__GB5, 
case__208: depth_calc__xdcDup__1__GB4, 
case__180: depth_calc__xdcDup__1__GB6, 
case__608: depth_calc__GB1, 
case__485: depth_calc__GB3, 
case__660: depth_calc__GB12, 
case__640: depth_calc__GB8, 
case__646: depth_calc__GB10, 
case__677: depth_calc__GB14, 
case__511: depth_calc__GB8, 
datapath: ambient_calc, 
full_compare__GB2: full_compare__GB2, 
case__563: depth_calc__GB6, 
case__200: depth_calc__xdcDup__1__GB5, 
case__409: depth_calc__GB13, 
case__76: depth_calc__xdcDup__1__GB5, 
case__362: depth_calc__xdcDup__1__GB0, 
case__267: depth_calc__xdcDup__1__GB10, 
case__493: depth_calc__GB0, 
case__661: depth_calc__GB12, 
case__524: depth_calc__GB10, 
datapath__13: depth_calc__xdcDup__1__GB10, 
case__36: depth_calc__xdcDup__1__GB15, 
case__332: depth_calc__xdcDup__1__GB5, 
case__227: depth_calc__xdcDup__1__GB3, 
case__109: depth_calc__xdcDup__1__GB0, 
case__633: depth_calc__GB9, 
case__383: depth_calc__xdcDup__1__GB8, 
case__630: depth_calc__GB9, 
logic: full_compare__xdcDup__1__GB7, 
datapath__2: full_compare__xdcDup__1__GB7, 
case__405: depth_calc__GB12, 
case__311: depth_calc__xdcDup__1__GB7, 
case__284: depth_calc__xdcDup__1__GB13, 
case__526: depth_calc__GB10, 
case__369: depth_calc__xdcDup__1__GB7, 
reg__4: depth_calc__xdcDup__1__GB10, 
case__497: depth_calc__GB0, 
case__91: depth_calc__xdcDup__1__GB2, 
case__389: depth_calc__GB10, 
case__315: depth_calc__xdcDup__1__GB7, 
case__721: depth_calc__GB4, 
case__276: depth_calc__xdcDup__1__GB12, 
case__454: depth_calc__GB6, 
case__348: depth_calc__xdcDup__1__GB2, 
case__72: depth_calc__xdcDup__1__GB5, 
case__304: depth_calc__xdcDup__1__GB6, 
case__523: depth_calc__GB10, 
case__291: depth_calc__xdcDup__1__GB14, 
case__374: depth_calc__xdcDup__1__GB8, 
case__619: depth_calc__GB0, 
reg__2: depth_calc__xdcDup__1__GB10, 
case__674: depth_calc__GB14, 
case__321: depth_calc__xdcDup__1__GB7, 
case__86: depth_calc__xdcDup__1__GB3, 
case__460: depth_calc__GB5, 
case__214: depth_calc__xdcDup__1__GB3, 
case__428: depth_calc__GB15, 
case__490: depth_calc__GB0, 
case__602: depth_calc__GB2, 
case__438: depth_calc__GB6, 
case__730: depth_calc__GB2, 
case__283: depth_calc__xdcDup__1__GB13, 
case__324: depth_calc__xdcDup__1__GB6, 
case__692: depth_calc__GB6, 
case__758: depth_calc__GB9, 
case__614: depth_calc__GB0, 
case__569: depth_calc__GB7, 
case__539: depth_calc__GB13, 
case__694: depth_calc__GB6, 
case__302: depth_calc__xdcDup__1__GB6, 
depth_calc__GB1: depth_calc__GB1, 
case__11: depth_calc__xdcDup__1__GB10, 
case__317: depth_calc__xdcDup__1__GB7, 
case__545: depth_calc__GB14, 
case__433: depth_calc__GB6, 
case__464: depth_calc__GB4, 
dsp48e1__2: full_compare__GB8, 
case__421: depth_calc__GB14, 
logic__44: depth_calc__xdcDup__1__GB10, 
case__319: depth_calc__xdcDup__1__GB7, 
case__556: depth_calc__GB15, 
case__427: depth_calc__GB15, 
case__375: depth_calc__xdcDup__1__GB9, 
case__468: depth_calc__GB4, 
case__216: depth_calc__xdcDup__1__GB2, 
case__618: depth_calc__GB0, 
dsp48e1: full_compare__xdcDup__1__GB7, 
case__620: depth_calc__GB0, 
case__555: depth_calc__GB15, 
case__110: depth_calc__xdcDup__1__GB0, 
case__716: depth_calc__GB5, 
case__753: depth_calc__GB0, 
case__148: depth_calc__xdcDup__1__GB12, 
case__243: depth_calc__xdcDup__1__GB9, 
case__323: depth_calc__xdcDup__1__GB6, 
case__108: depth_calc__xdcDup__1__GB0, 
case__39: depth_calc__xdcDup__1__GB15, 
case__335: depth_calc__xdcDup__1__GB4, 
case__139: depth_calc__xdcDup__1__GB10, 
case__169: depth_calc__xdcDup__1__GB15, 
case__384: depth_calc__xdcDup__1__GB8, 
case__142: depth_calc__xdcDup__1__GB11, 
case__80: depth_calc__xdcDup__1__GB4, 
case__346: depth_calc__xdcDup__1__GB2, 
case__114: depth_calc__xdcDup__1__GB9, 
case__562: depth_calc__GB6, 
case__358: depth_calc__xdcDup__1__GB0, 
case__736: depth_calc__GB1, 
case__127: depth_calc__xdcDup__1__GB8, 
peak_removal__GB2: peak_removal__GB2, 
case__93: depth_calc__xdcDup__1__GB4, 
logic__10_peak_removal__GD: logic__10_peak_removal__GD, 
case__118: depth_calc__xdcDup__1__GB8, 
datapath__14: depth_calc__xdcDup__1__GB10, 
case__164: depth_calc__xdcDup__1__GB15, 
case__586: depth_calc__GB5, 
datapath__5: peak_removal__GB2, 
case__771: depth_calc__GB8, 
case__199: depth_calc__xdcDup__1__GB5, 
case__194: depth_calc__xdcDup__1__GB6, 
case__651: depth_calc__GB10, 
case__643: depth_calc__GB8, 
case__32: depth_calc__xdcDup__1__GB14, 
case__378: depth_calc__xdcDup__1__GB8, 
case__522: depth_calc__GB10, 
case__687: depth_calc__GB6, 
dsp48e1__7: depth_calc__xdcDup__1__GB10, 
case__6: depth_calc__xdcDup__1__GB10, 
case__377: depth_calc__xdcDup__1__GB8, 
muxpart__8: depth_calc__GB7, 
case__381: depth_calc__xdcDup__1__GB8, 
dsp48e1__11: depth_calc__GB10, 
case__98: depth_calc__xdcDup__1__GB1, 
datapath__11: depth_calc__xdcDup__1__GB10, 
case__439: depth_calc__GB7, 
case__231: depth_calc__xdcDup__1__GB0, 
case__357: depth_calc__xdcDup__1__GB0, 
case__68: depth_calc__xdcDup__1__GB6, 
case__549: depth_calc__GB14, 
depth_calc__xdcDup__1__GB0: depth_calc__xdcDup__1__GB0, 
datapath__8: full_compare__GB0, 
case__764: depth_calc__GB8, 
case__90: depth_calc__xdcDup__1__GB2, 
logic__40: depth_calc__xdcDup__1__GB10, 
full_compare__xdcDup__1__GB2: full_compare__xdcDup__1__GB2, 
case__610: depth_calc__GB1, 
case__101: depth_calc__xdcDup__1__GB0, 
reg__7: depth_calc__GB10, 
case__476: depth_calc__GB2, 
case__484: depth_calc__GB1, 
case__115: depth_calc__xdcDup__1__GB9, 
case__444: depth_calc__GB7, 
datapath__6: datapath__6_peak_removal__GD, 
case__709: depth_calc__GB6, 
case__445: depth_calc__GB7, 
case__337: depth_calc__xdcDup__1__GB4, 
logic__1: ambient_calc, 
muxpart__4: depth_calc__xdcDup__1__GB7, 
case__135: depth_calc__xdcDup__1__GB10, 
case__193: depth_calc__xdcDup__1__GB7, 
case__137: depth_calc__xdcDup__1__GB10, 
case__365: depth_calc__xdcDup__1__GB0, 
case__279: depth_calc__xdcDup__1__GB13, 
case__470: depth_calc__GB3, 
case__541: depth_calc__GB13, 
case__166: depth_calc__xdcDup__1__GB15, 
case__239: depth_calc__xdcDup__1__GB0, 
case__156: depth_calc__xdcDup__1__GB13, 
dsp48e1__15: depth_calc__GB10, 
case__177: depth_calc__xdcDup__1__GB6, 
case__244: depth_calc__xdcDup__1__GB9, 
case__368: depth_calc__xdcDup__1__GB0, 
case__482: depth_calc__GB1, 
case__112: depth_calc__xdcDup__1__GB0, 
case__205: depth_calc__xdcDup__1__GB4, 
case__671: depth_calc__GB14, 
case__140: depth_calc__xdcDup__1__GB10, 
case__258: depth_calc__xdcDup__1__GB8, 
case__153: depth_calc__xdcDup__1__GB13, 
logic__5: full_compare__xdcDup__1__GB7, 
case__247: depth_calc__xdcDup__1__GB9, 
case__373: depth_calc__xdcDup__1__GB8, 
case__288: depth_calc__xdcDup__1__GB14, 
case__540: depth_calc__GB13, 
full_compare__GB8: full_compare__GB8, 
case__82: depth_calc__xdcDup__1__GB4, 
case__546: depth_calc__GB14, 
case__197: depth_calc__xdcDup__1__GB5, 
case__254: depth_calc__xdcDup__1__GB8, 
case__96: depth_calc__xdcDup__1__GB1, 
case__121: depth_calc__xdcDup__1__GB8, 
case__596: depth_calc__GB4, 
logic__46: depth_calc__GB10, 
case__186: depth_calc__xdcDup__1__GB7, 
depth_calc__xdcDup__1__GB4: depth_calc__xdcDup__1__GB4, 
case__202: depth_calc__xdcDup__1__GB5, 
case__664: depth_calc__GB12, 
case__590: depth_calc__GB5, 
depth_calc__GB9: depth_calc__GB9, 
full_compare__xdcDup__1__GB5: full_compare__xdcDup__1__GB5, 
depth_calc__GB13: depth_calc__GB13, 
dsp48e1__12: depth_calc__GB10, 
case__122: depth_calc__xdcDup__1__GB8, 
case__204: depth_calc__xdcDup__1__GB5, 
depth_calc__GB0: depth_calc__GB0, 
case__473: depth_calc__GB3, 
case__273: depth_calc__xdcDup__1__GB11, 
case__613: depth_calc__GB3, 
case__743: depth_calc__GB0, 
case__206: depth_calc__xdcDup__1__GB4, 
depth_calc__GB5: depth_calc__GB5, 
case__443: depth_calc__GB7, 
case__188: depth_calc__xdcDup__1__GB7, 
case__219: depth_calc__xdcDup__1__GB2, 
case__9: depth_calc__xdcDup__1__GB10, 
case__719: depth_calc__GB4, 
case__261: depth_calc__xdcDup__1__GB10, 
case__455: depth_calc__GB5, 
depth_calc__xdcDup__1__GB2: depth_calc__xdcDup__1__GB2, 
case__275: depth_calc__xdcDup__1__GB12, 
case__770: depth_calc__GB8, 
case__465: depth_calc__GB4, 
case__176: depth_calc__xdcDup__1__GB6, 
case__544: depth_calc__GB14, 
case__644: depth_calc__GB8, 
case__338: depth_calc__xdcDup__1__GB4, 
case__673: depth_calc__GB14, 
case__501: depth_calc__GB9, 
case__534: depth_calc__GB12, 
depth_calc__xdcDup__1__GB13: depth_calc__xdcDup__1__GB13, 
case__591: depth_calc__GB4, 
datapath__10: depth_calc__xdcDup__1__GB10, 
case__253: depth_calc__xdcDup__1__GB8, 
case__741: depth_calc__GB3, 
case__280: depth_calc__xdcDup__1__GB13, 
case__187: depth_calc__xdcDup__1__GB7, 
dsp48e1__6: depth_calc__xdcDup__1__GB10, 
logic__50: depth_calc__GB10, 
case__450: depth_calc__GB7, 
case__89: depth_calc__xdcDup__1__GB5, 
case__425: depth_calc__GB15, 
case__717: depth_calc__GB5, 
case__516: depth_calc__GB8, 
case__550: depth_calc__GB15, 
case__762: depth_calc__GB8, 
depth_calc__xdcDup__1__GB1: depth_calc__xdcDup__1__GB1, 
case__15: depth_calc__xdcDup__1__GB11, 
case__690: depth_calc__GB6, 
case__141: depth_calc__xdcDup__1__GB10, 
case__593: depth_calc__GB4, 
case__583: depth_calc__GB5, 
case__154: depth_calc__xdcDup__1__GB13, 
case__344: depth_calc__xdcDup__1__GB2, 
case__429: depth_calc__GB15, 
case__416: depth_calc__GB14, 
case__16: depth_calc__xdcDup__1__GB11, 
case__441: depth_calc__GB7, 
case__125: depth_calc__xdcDup__1__GB8, 
case__210: depth_calc__xdcDup__1__GB4, 
case__486: depth_calc__GB0, 
reg__1: depth_calc__xdcDup__1__GB10, 
case__61: depth_calc__xdcDup__1__GB7, 
reg: depth_calc__xdcDup__1__GB10, 
depth_calc__GB14: depth_calc__GB14, 
case__509: depth_calc__GB8, 
case__575: depth_calc__GB7, 
case__434: depth_calc__GB6, 
case__626: depth_calc__GB0, 
case__710: depth_calc__GB6, 
case__685: depth_calc__GB15, 
case__533: depth_calc__GB12, 
logic__34: depth_calc__xdcDup__1__GB10, 
case__456: depth_calc__GB5, 
case__615: depth_calc__GB0, 
case__672: depth_calc__GB14, 
case__560: depth_calc__GB6, 
case__738: depth_calc__GB1, 
case__224: depth_calc__xdcDup__1__GB1, 
case__714: depth_calc__GB5, 
case__726: depth_calc__GB3, 
case__367: depth_calc__xdcDup__1__GB0, 
case__447: depth_calc__GB7, 
case__713: depth_calc__GB5, 
case__35: depth_calc__xdcDup__1__GB14, 
case__119: depth_calc__xdcDup__1__GB9, 
case__436: depth_calc__GB6, 
case__281: depth_calc__xdcDup__1__GB13, 
depth_calc__xdcDup__1__GB15: depth_calc__xdcDup__1__GB15, 
case__8: depth_calc__xdcDup__1__GB10, 
case__634: depth_calc__GB8, 
case__552: depth_calc__GB15, 
case__269: depth_calc__xdcDup__1__GB10, 
case__308: depth_calc__xdcDup__1__GB6, 
case__611: depth_calc__GB1, 
case__525: depth_calc__GB10, 
case__99: depth_calc__xdcDup__1__GB3, 
div_gen_0: depth_calc__GB10, depth_calc__xdcDup__1__GB10, 
case__184: depth_calc__xdcDup__1__GB7, 
dsp48e1__3: depth_calc__xdcDup__1__GB10, 
case__453: depth_calc__GB6, 
case__494: depth_calc__GB0, 
case__655: depth_calc__GB10, 
case__372: depth_calc__xdcDup__1__GB9, 
case__744: depth_calc__GB0, 
case__507: depth_calc__GB8, 
case__431: depth_calc__GB6, 
case__621: depth_calc__GB0, 
case__173: depth_calc__xdcDup__1__GB6, 
depth_calc__xdcDup__1__GB5: depth_calc__xdcDup__1__GB5, 
case__748: depth_calc__GB0, 
case__760: depth_calc__GB8, 
case__104: depth_calc__xdcDup__1__GB0, 
case__128: depth_calc__xdcDup__1__GB8, 
case__274: depth_calc__xdcDup__1__GB12, 
case__303: depth_calc__xdcDup__1__GB6, 
case__263: depth_calc__xdcDup__1__GB10, 
case__251: depth_calc__xdcDup__1__GB8, 
case__306: depth_calc__xdcDup__1__GB6, 
case__499: depth_calc__GB7, 
case__684: depth_calc__GB15, 
case__106: depth_calc__xdcDup__1__GB0, 
case__400: depth_calc__GB11, 
case__446: depth_calc__GB7, 
logic__69: depth_calc__GB10, 
case__683: depth_calc__GB15, 
case__625: depth_calc__GB0, 
case__55: depth_calc__xdcDup__1__GB7, 
case__568: depth_calc__GB7, 
case__12: depth_calc__xdcDup__1__GB10, 
case__241: depth_calc__xdcDup__1__GB7, 
case__145: depth_calc__xdcDup__1__GB11, 
case__42: depth_calc__xdcDup__1__GB15, 
case__44: depth_calc__xdcDup__1__GB15, 
case__257: depth_calc__xdcDup__1__GB8, 
case__245: depth_calc__xdcDup__1__GB8, 
depth_calc__GB2: depth_calc__GB2, 
case__576: depth_calc__GB7, 
case__530: depth_calc__GB11, 
case__691: depth_calc__GB6, 
case__47: depth_calc__xdcDup__1__GB6, 
case__528: depth_calc__GB11, 
case__49: depth_calc__xdcDup__1__GB6, 
case__150: depth_calc__xdcDup__1__GB12, 
case__316: depth_calc__xdcDup__1__GB7, 
case__531: depth_calc__GB11, 
logic__31: depth_calc__xdcDup__1__GB10, 
depth_calc__GB15: depth_calc__GB15, 
case__2: peak_removal__GB2, 
case__330: depth_calc__xdcDup__1__GB5, 
case__561: depth_calc__GB6, 
case__478: depth_calc__GB2, 
case__336: depth_calc__xdcDup__1__GB4, 
case__160: depth_calc__xdcDup__1__GB14, 
case__585: depth_calc__GB5, 
case__65: depth_calc__xdcDup__1__GB7, 
case__488: depth_calc__GB0, 
case__265: depth_calc__xdcDup__1__GB10, 
case__617: depth_calc__GB0, 
case__466: depth_calc__GB4, 
case__725: depth_calc__GB3, 
case__85: depth_calc__xdcDup__1__GB3, 
reg__5: depth_calc__GB10, 
case__565: depth_calc__GB6, 
depth_calc__xdcDup__1__GB6: depth_calc__xdcDup__1__GB6, 
reg__3: depth_calc__xdcDup__1__GB10, 
case__623: depth_calc__GB0, 
case__45: depth_calc__xdcDup__1__GB6, 
case__310: depth_calc__xdcDup__1__GB7, 
case__356: depth_calc__xdcDup__1__GB0, 
case__574: depth_calc__GB7, 
case__113: depth_calc__xdcDup__1__GB7, 
muxpart__5: depth_calc__GB7, 
case__639: depth_calc__GB8, 
case__220: depth_calc__xdcDup__1__GB2, 
case__768: depth_calc__GB8, 
full_compare__GB6: full_compare__GB6, 
reg__9: depth_calc__GB10, 
case__595: depth_calc__GB4, 
case__761: depth_calc__GB9, 
muxpart__1: depth_calc__xdcDup__1__GB10, 
case__314: depth_calc__xdcDup__1__GB7, 
case__18: depth_calc__xdcDup__1__GB12, 
case__475: depth_calc__GB5, 
logic__14: full_compare__GB8, 
case__249: depth_calc__xdcDup__1__GB8, 
single_compare: full_compare__xdcDup__1__GB7, full_compare__GB7, full_compare__GB8, full_compare__GB2, full_compare__xdcDup__1__GB1, full_compare__xdcDup__1__GB2, full_compare__GB6, full_compare__xdcDup__1__GB3, full_compare__GB0, full_compare__GB1, full_compare__GB4, full_compare__xdcDup__1__GB0, full_compare__xdcDup__1__GB5, full_compare__GB3, full_compare__xdcDup__1__GB6, full_compare__xdcDup__1__GB4, full_compare__GB5, 
datapath__9: depth_calc__xdcDup__1__GB10, 
case__130: depth_calc__xdcDup__1__GB8, 
case__162: depth_calc__xdcDup__1__GB14, 
case__242: depth_calc__xdcDup__1__GB9, 
case__392: depth_calc__GB10, 
case__215: depth_calc__xdcDup__1__GB3, 
case__612: depth_calc__GB1, 
case__739: depth_calc__GB1, 
case__297: depth_calc__xdcDup__1__GB15, 
depth_calc__xdcDup__1__GB9: depth_calc__xdcDup__1__GB9, 
case__537: depth_calc__GB13, 
case__582: depth_calc__GB6, 
reg__8: depth_calc__GB10, 
case__404: depth_calc__GB12, 
case__345: depth_calc__xdcDup__1__GB5, 
