/second_depth_extraction/depth_calc__GB3:3001120911
/second_depth_extraction/depth_calc__GB2:3320203289
/second_depth_extraction/depth_calc__GB0:736635189
/second_depth_extraction/depth_calc__GB11:3428840188
/extract_peak/full_compare__xdcDup__1__GB4:2760267452
/update_histogram/datapath__6_peak_removal__GD:1083376091
/depth_extraction/depth_calc__xdcDup__1__GB4:2932900108
/second_depth_extraction/depth_calc__GB14:3157591667
/depth_extraction/depth_calc__xdcDup__1__GB11:4155737944
/extract_peak/full_compare__xdcDup__1__GB0:2750124709
/depth_extraction/depth_calc__xdcDup__1__GB8:2808532263
/second_depth_extraction/depth_calc__GB13:575771600
/depth_extraction/depth_calc__xdcDup__1__GB5:3654791578
/depth_extraction/depth_calc__xdcDup__1__GB14:2279175127
/update_histogram/logic__10_peak_removal__GD:1020742033
/extract_peak/full_compare__xdcDup__1__GB2:1306915721
/second_depth_extraction/depth_calc__GB9:1379176849
/extract_second_peak/full_compare__GB1:2409951544
/second_depth_extraction/depth_calc__GB4:746974508
/extract_second_peak/full_compare__GB5:2294887713
/depth_extraction/depth_calc__xdcDup__1__GB6:1088348192
/extract_second_peak/full_compare__GB7:1724339213
/extract_peak/full_compare__xdcDup__1__GB3:987939615
/depth_extraction/depth_calc__xdcDup__1__GB0:2847753493
/extract_second_peak/full_compare__GB2:380477570
/second_depth_extraction/depth_calc__GB10:3143156330
/depth_extraction/depth_calc__xdcDup__1__GB1:3736761731
/second_depth_extraction/depth_calc__GB15:3409065701
/second_depth_extraction/depth_calc__GB6:3263925248
/extract_peak/full_compare__xdcDup__1__GB1:3572277811
/calc_ambient:1656208796
/second_depth_extraction/depth_calc__GB8:624140551
/extract_second_peak/full_compare__GB8:4135078300
/second_depth_extraction/depth_calc__GB7:3045899414
/extract_second_peak/full_compare__GB3:1638567956
/depth_extraction/depth_calc__xdcDup__1__GB13:431875700
/extract_second_peak/full_compare__GB0:4171481518
/second_depth_extraction/depth_calc__GB12:1431741254
/update_histogram/peak_removal__GB2:3623941051
/second_depth_extraction/depth_calc__GB1:1559173539
/extract_second_peak/full_compare__GB6:297821339
/depth_extraction/depth_calc__xdcDup__1__GB15:4041098049
/depth_extraction/depth_calc__xdcDup__1__GB12:1857738466
/extract_peak/full_compare__xdcDup__1__GB5:3548472874
/second_depth_extraction/depth_calc__GB5:1535303098
/depth_extraction/depth_calc__xdcDup__1__GB9:3496082865
/depth_extraction/depth_calc__xdcDup__1__GB7:937021622
/depth_extraction/depth_calc__xdcDup__1__GB3:817108143
/extract_peak/full_compare__xdcDup__1__GB6:1250441104
/depth_extraction/depth_calc__xdcDup__1__GB10:2159327182
/depth_extraction/depth_calc__xdcDup__1__GB2:1202922553
/extract_second_peak/full_compare__GB4:4291691959
/extract_peak/full_compare__xdcDup__1__GB7:1032783622
