top: depth_calc, depth_calc__xdcDup__1, full_compare, peak_removal, full_compare__xdcDup__1, ambient_calc, 
depth_calc: depth_calc__GB10, depth_calc__GB0, depth_calc__GB9, depth_calc__GB15, depth_calc__GB14, depth_calc__GB13, depth_calc__GB2, depth_calc__GB8, depth_calc__GB7, depth_calc__GB1, depth_calc__GB3, depth_calc__GB4, depth_calc__GB6, depth_calc__GB12, depth_calc__GB11, depth_calc__GB5, 
depth_calc__xdcDup__1: depth_calc__xdcDup__1__GB12, depth_calc__xdcDup__1__GB1, depth_calc__xdcDup__1__GB5, depth_calc__xdcDup__1__GB7, depth_calc__xdcDup__1__GB2, depth_calc__xdcDup__1__GB14, depth_calc__xdcDup__1__GB13, depth_calc__xdcDup__1__GB11, depth_calc__xdcDup__1__GB4, depth_calc__xdcDup__1__GB6, depth_calc__xdcDup__1__GB10, depth_calc__xdcDup__1__GB3, depth_calc__xdcDup__1__GB0, depth_calc__xdcDup__1__GB9, depth_calc__xdcDup__1__GB15, depth_calc__xdcDup__1__GB8, 
full_compare: full_compare__GB8, full_compare__GB7, full_compare__GB6, full_compare__GB5, full_compare__GB4, full_compare__GB3, full_compare__GB2, full_compare__GB1, full_compare__GB0, 
peak_removal: peak_removal__GB2, logic__10_peak_removal__GD, datapath__6_peak_removal__GD, 
full_compare__xdcDup__1: full_compare__xdcDup__1__GB7, full_compare__xdcDup__1__GB6, full_compare__xdcDup__1__GB5, full_compare__xdcDup__1__GB4, full_compare__xdcDup__1__GB3, full_compare__xdcDup__1__GB2, full_compare__xdcDup__1__GB1, full_compare__xdcDup__1__GB0, 
ambient_calc: ambient_calc, 
